{
  "Entries": [
    {
      "RequestUri": "https://pakrym-azconfig-ui.azconfig.io/kv/key-1919952775?label=test_label\u0026api-version=1.0",
      "RequestMethod": "PUT",
      "RequestHeaders": {
        "Accept": "application/vnd.microsoft.appconfig.kv\u002Bjson",
        "Authorization": "Sanitized",
        "Content-Length": "98",
        "Content-Type": "application/json",
        "Date": "Wed, 22 Jan 2020 22:45:35 GMT",
        "If-None-Match": "*",
        "traceparent": "00-ae121eebe0955742a070231f9ce8a9ef-8ff6273fcdb79448-00",
        "User-Agent": [
          "azsdk-net-Data.AppConfiguration/1.0.0-dev.20200122.1\u002B40a83baae05bb095b98bd319e539772420c57da9",
          "(.NET Core 4.6.28207.04; Microsoft Windows 10.0.18362 )"
        ],
        "x-ms-client-request-id": "4d09edeb4eec50690841f2e8459dc61d",
        "x-ms-content-sha256": "b11OQu6GthUatwGXUIKHHSRVyik0TdrUk5kZm3yZd2A=",
        "x-ms-return-client-request-id": "true"
      },
      "RequestBody": {
        "value": "test_value",
        "content_type": "test_content_type",
        "tags": {
          "tag1": "value1",
          "tag2": "value2"
        }
      },
      "StatusCode": 503,
      "ResponseHeaders": {},
      "ResponseBody": null
    },
    {
      "RequestUri": "https://pakrym-azconfig-ui.azconfig.io/kv/key-1919952775?label=test_label\u0026api-version=1.0",
      "RequestMethod": "PUT",
      "RequestHeaders": {
        "Accept": "application/vnd.microsoft.appconfig.kv\u002Bjson",
        "Authorization": "Sanitized",
        "Content-Length": "98",
        "Content-Type": "application/json",
        "Date": "Wed, 22 Jan 2020 22:45:36 GMT",
        "If-None-Match": "*",
        "traceparent": "00-ae121eebe0955742a070231f9ce8a9ef-8ff6273fcdb79448-00",
        "User-Agent": [
          "azsdk-net-Data.AppConfiguration/1.0.0-dev.20200122.1\u002B40a83baae05bb095b98bd319e539772420c57da9",
          "(.NET Core 4.6.28207.04; Microsoft Windows 10.0.18362 )"
        ],
        "x-ms-client-request-id": "4d09edeb4eec50690841f2e8459dc61d",
        "x-ms-content-sha256": "b11OQu6GthUatwGXUIKHHSRVyik0TdrUk5kZm3yZd2A=",
        "x-ms-return-client-request-id": "true"
      },
      "RequestBody": {
        "value": "test_value",
        "content_type": "test_content_type",
        "tags": {
          "tag1": "value1",
          "tag2": "value2"
        }
      },
      "StatusCode": 200,
      "ResponseHeaders": {
        "Access-Control-Allow-Credentials": "true",
        "Access-Control-Allow-Headers": "DNT, X-CustomHeader, Keep-Alive, User-Agent, X-Requested-With, If-Modified-Since, Cache-Control, Content-Type, Authorization, x-ms-client-request-id, x-ms-useragent, x-ms-content-sha256, x-ms-date, host, Accept, Accept-Datetime, Date, If-Match, If-None-Match, Sync-Token, x-ms-return-client-request-id, ETag, Last-Modified, Link, Memento-Datetime, x-ms-retry-after, x-ms-request-id, WWW-Authenticate",
        "Access-Control-Allow-Methods": "GET, PUT, POST, DELETE, PATCH, OPTIONS",
        "Access-Control-Allow-Origin": "*",
        "Access-Control-Expose-Headers": "DNT, X-CustomHeader, Keep-Alive, User-Agent, X-Requested-With, If-Modified-Since, Cache-Control, Content-Type, Authorization, x-ms-client-request-id, x-ms-useragent, x-ms-content-sha256, x-ms-date, host, Accept, Accept-Datetime, Date, If-Match, If-None-Match, Sync-Token, x-ms-return-client-request-id, ETag, Last-Modified, Link, Memento-Datetime, x-ms-retry-after, x-ms-request-id, WWW-Authenticate",
        "Connection": "keep-alive",
        "Content-Type": "application/vnd.microsoft.appconfig.kv\u002Bjson; charset=utf-8",
        "Date": "Wed, 22 Jan 2020 22:45:35 GMT",
        "ETag": "\u0022SMBQJF17chYsE75nrBMzRh9nUv9\u0022",
        "Last-Modified": "Wed, 22 Jan 2020 22:45:36 GMT",
        "Server": "openresty/1.15.8.1",
        "Strict-Transport-Security": "max-age=15724800; includeSubDomains",
        "Sync-Token": "zAJw6V16=ODotMSMxMTQwODUx;sn=1140851",
        "Transfer-Encoding": "chunked",
        "x-ms-client-request-id": "4d09edeb4eec50690841f2e8459dc61d",
        "x-ms-correlation-request-id": "27e25cf2-4fc0-4e78-b04a-cc414d84c32e",
        "x-ms-request-id": "27e25cf2-4fc0-4e78-b04a-cc414d84c32e"
      },
      "ResponseBody": {
        "etag": "SMBQJF17chYsE75nrBMzRh9nUv9",
        "key": "key-1919952775",
        "label": "test_label",
        "content_type": "test_content_type",
        "value": "test_value",
        "tags": {
          "tag1": "value1",
          "tag2": "value2"
        },
        "locked": false,
        "last_modified": "2020-01-22T22:45:36\u002B00:00"
      }
    },
    {
      "RequestUri": "https://pakrym-azconfig-ui.azconfig.io/locks/key-1919952775?label=test_label\u0026api-version=1.0",
      "RequestMethod": "PUT",
      "RequestHeaders": {
        "Authorization": "Sanitized",
        "Date": "Wed, 22 Jan 2020 22:45:36 GMT",
        "Sync-Token": "zAJw6V16=ODotMSMxMTQwODUx",
        "traceparent": "00-f3439fa7e0a17e43abfdef0aee33af30-f2d07516611db442-00",
        "User-Agent": [
          "azsdk-net-Data.AppConfiguration/1.0.0-dev.20200122.1\u002B40a83baae05bb095b98bd319e539772420c57da9",
          "(.NET Core 4.6.28207.04; Microsoft Windows 10.0.18362 )"
        ],
        "x-ms-client-request-id": "74415f3fc9e50f495219f10957772e7a",
        "x-ms-content-sha256": "47DEQpj8HBSa\u002B/TImW\u002B5JCeuQeRkm5NMpJWZG3hSuFU=",
        "x-ms-return-client-request-id": "true"
      },
      "RequestBody": null,
      "StatusCode": 503,
      "ResponseHeaders": {},
      "ResponseBody": null
    },
    {
      "RequestUri": "https://pakrym-azconfig-ui.azconfig.io/locks/key-1919952775?label=test_label\u0026api-version=1.0",
      "RequestMethod": "PUT",
      "RequestHeaders": {
        "Authorization": "Sanitized",
        "Date": "Wed, 22 Jan 2020 22:45:37 GMT",
        "Sync-Token": "zAJw6V16=ODotMSMxMTQwODUx",
        "traceparent": "00-f3439fa7e0a17e43abfdef0aee33af30-f2d07516611db442-00",
        "User-Agent": [
          "azsdk-net-Data.AppConfiguration/1.0.0-dev.20200122.1\u002B40a83baae05bb095b98bd319e539772420c57da9",
          "(.NET Core 4.6.28207.04; Microsoft Windows 10.0.18362 )"
        ],
        "x-ms-client-request-id": "74415f3fc9e50f495219f10957772e7a",
        "x-ms-content-sha256": "47DEQpj8HBSa\u002B/TImW\u002B5JCeuQeRkm5NMpJWZG3hSuFU=",
        "x-ms-return-client-request-id": "true"
      },
      "RequestBody": null,
      "StatusCode": 200,
      "ResponseHeaders": {
        "Access-Control-Allow-Credentials": "true",
        "Access-Control-Allow-Headers": "DNT, X-CustomHeader, Keep-Alive, User-Agent, X-Requested-With, If-Modified-Since, Cache-Control, Content-Type, Authorization, x-ms-client-request-id, x-ms-useragent, x-ms-content-sha256, x-ms-date, host, Accept, Accept-Datetime, Date, If-Match, If-None-Match, Sync-Token, x-ms-return-client-request-id, ETag, Last-Modified, Link, Memento-Datetime, x-ms-retry-after, x-ms-request-id, WWW-Authenticate",
        "Access-Control-Allow-Methods": "GET, PUT, POST, DELETE, PATCH, OPTIONS",
        "Access-Control-Allow-Origin": "*",
        "Access-Control-Expose-Headers": "DNT, X-CustomHeader, Keep-Alive, User-Agent, X-Requested-With, If-Modified-Since, Cache-Control, Content-Type, Authorization, x-ms-client-request-id, x-ms-useragent, x-ms-content-sha256, x-ms-date, host, Accept, Accept-Datetime, Date, If-Match, If-None-Match, Sync-Token, x-ms-return-client-request-id, ETag, Last-Modified, Link, Memento-Datetime, x-ms-retry-after, x-ms-request-id, WWW-Authenticate",
        "Connection": "keep-alive",
        "Content-Type": "application/vnd.microsoft.appconfig.kv\u002Bjson; charset=utf-8",
        "Date": "Wed, 22 Jan 2020 22:45:36 GMT",
        "ETag": "\u0022NwblhGLHOZccPLM0ZoZjb6iENXV\u0022",
        "Last-Modified": "Wed, 22 Jan 2020 22:45:37 GMT",
        "Server": "openresty/1.15.8.1",
        "Strict-Transport-Security": "max-age=15724800; includeSubDomains",
        "Sync-Token": "zAJw6V16=ODotMSMxMTQwODUy;sn=1140852",
        "Transfer-Encoding": "chunked",
        "x-ms-client-request-id": "74415f3fc9e50f495219f10957772e7a",
        "x-ms-correlation-request-id": "19a0c189-75f9-46ee-b61c-f7732a2a68a6",
        "x-ms-request-id": "19a0c189-75f9-46ee-b61c-f7732a2a68a6"
      },
      "ResponseBody": {
        "etag": "NwblhGLHOZccPLM0ZoZjb6iENXV",
        "key": "key-1919952775",
        "label": "test_label",
        "content_type": "test_content_type",
        "value": "test_value",
        "tags": {
          "tag1": "value1",
          "tag2": "value2"
        },
        "locked": true,
        "last_modified": "2020-01-22T22:45:37\u002B00:00"
      }
    },
    {
      "RequestUri": "https://pakrym-azconfig-ui.azconfig.io/kv/key-1919952775?label=test_label\u0026api-version=1.0",
      "RequestMethod": "DELETE",
      "RequestHeaders": {
        "Authorization": "Sanitized",
        "Date": "Wed, 22 Jan 2020 22:45:37 GMT",
        "Sync-Token": "zAJw6V16=ODotMSMxMTQwODUy",
        "traceparent": "00-4eba03c159331d42ad3f4d4edc3da567-d1e33980b584c244-00",
        "User-Agent": [
          "azsdk-net-Data.AppConfiguration/1.0.0-dev.20200122.1\u002B40a83baae05bb095b98bd319e539772420c57da9",
          "(.NET Core 4.6.28207.04; Microsoft Windows 10.0.18362 )"
        ],
        "x-ms-client-request-id": "ead7e8fff4f2b6177f315418a6ca2d4c",
        "x-ms-content-sha256": "47DEQpj8HBSa\u002B/TImW\u002B5JCeuQeRkm5NMpJWZG3hSuFU=",
        "x-ms-return-client-request-id": "true"
      },
      "RequestBody": null,
      "StatusCode": 503,
      "ResponseHeaders": {},
      "ResponseBody": null
    },
    {
      "RequestUri": "https://pakrym-azconfig-ui.azconfig.io/kv/key-1919952775?label=test_label\u0026api-version=1.0",
      "RequestMethod": "DELETE",
      "RequestHeaders": {
        "Authorization": "Sanitized",
        "Date": "Wed, 22 Jan 2020 22:45:38 GMT",
        "Sync-Token": "zAJw6V16=ODotMSMxMTQwODUy",
        "traceparent": "00-4eba03c159331d42ad3f4d4edc3da567-d1e33980b584c244-00",
        "User-Agent": [
          "azsdk-net-Data.AppConfiguration/1.0.0-dev.20200122.1\u002B40a83baae05bb095b98bd319e539772420c57da9",
          "(.NET Core 4.6.28207.04; Microsoft Windows 10.0.18362 )"
        ],
        "x-ms-client-request-id": "ead7e8fff4f2b6177f315418a6ca2d4c",
        "x-ms-content-sha256": "47DEQpj8HBSa\u002B/TImW\u002B5JCeuQeRkm5NMpJWZG3hSuFU=",
        "x-ms-return-client-request-id": "true"
      },
      "RequestBody": null,
      "StatusCode": 409,
      "ResponseHeaders": {
        "Access-Control-Allow-Credentials": "true",
        "Access-Control-Allow-Headers": "DNT, X-CustomHeader, Keep-Alive, User-Agent, X-Requested-With, If-Modified-Since, Cache-Control, Content-Type, Authorization, x-ms-client-request-id, x-ms-useragent, x-ms-content-sha256, x-ms-date, host, Accept, Accept-Datetime, Date, If-Match, If-None-Match, Sync-Token, x-ms-return-client-request-id, ETag, Last-Modified, Link, Memento-Datetime, x-ms-retry-after, x-ms-request-id, WWW-Authenticate",
        "Access-Control-Allow-Methods": "GET, PUT, POST, DELETE, PATCH, OPTIONS",
        "Access-Control-Allow-Origin": "*",
        "Access-Control-Expose-Headers": "DNT, X-CustomHeader, Keep-Alive, User-Agent, X-Requested-With, If-Modified-Since, Cache-Control, Content-Type, Authorization, x-ms-client-request-id, x-ms-useragent, x-ms-content-sha256, x-ms-date, host, Accept, Accept-Datetime, Date, If-Match, If-None-Match, Sync-Token, x-ms-return-client-request-id, ETag, Last-Modified, Link, Memento-Datetime, x-ms-retry-after, x-ms-request-id, WWW-Authenticate",
        "Connection": "keep-alive",
        "Content-Type": "application/problem\u002Bjson; charset=utf-8",
        "Date": "Wed, 22 Jan 2020 22:45:37 GMT",
        "Server": "openresty/1.15.8.1",
        "Strict-Transport-Security": "max-age=15724800; includeSubDomains",
        "Transfer-Encoding": "chunked",
        "x-ms-client-request-id": "ead7e8fff4f2b6177f315418a6ca2d4c",
        "x-ms-correlation-request-id": "7bffb5a4-3eb9-45b5-82cd-2f652aee1b40",
        "x-ms-request-id": "7bffb5a4-3eb9-45b5-82cd-2f652aee1b40"
      },
      "ResponseBody": {
        "type": "https://azconfig.io/errors/key-locked",
        "title": "Modifing key \u0027key-1919952775\u0027 is not allowed",
        "name": "key-1919952775",
        "detail": "The key is read-only. To allow modification unlock it first.",
        "status": 409
      }
    },
    {
      "RequestUri": "https://pakrym-azconfig-ui.azconfig.io/locks/key-1919952775?label=test_label\u0026api-version=1.0",
      "RequestMethod": "DELETE",
      "RequestHeaders": {
        "Authorization": "Sanitized",
        "Date": "Wed, 22 Jan 2020 22:45:38 GMT",
        "Sync-Token": "zAJw6V16=ODotMSMxMTQwODUy",
        "traceparent": "00-d9a2ca36e7b73d4abea6ae81c8d99a47-bb981c4748fb6044-00",
        "User-Agent": [
          "azsdk-net-Data.AppConfiguration/1.0.0-dev.20200122.1\u002B40a83baae05bb095b98bd319e539772420c57da9",
          "(.NET Core 4.6.28207.04; Microsoft Windows 10.0.18362 )"
        ],
        "x-ms-client-request-id": "0d925615dc6522a2a3f9fbd35c5ff991",
        "x-ms-content-sha256": "47DEQpj8HBSa\u002B/TImW\u002B5JCeuQeRkm5NMpJWZG3hSuFU=",
        "x-ms-return-client-request-id": "true"
      },
      "RequestBody": null,
      "StatusCode": 503,
      "ResponseHeaders": {},
      "ResponseBody": null
    },
    {
      "RequestUri": "https://pakrym-azconfig-ui.azconfig.io/locks/key-1919952775?label=test_label\u0026api-version=1.0",
      "RequestMethod": "DELETE",
      "RequestHeaders": {
        "Authorization": "Sanitized",
        "Date": "Wed, 22 Jan 2020 22:45:39 GMT",
        "Sync-Token": "zAJw6V16=ODotMSMxMTQwODUy",
        "traceparent": "00-d9a2ca36e7b73d4abea6ae81c8d99a47-bb981c4748fb6044-00",
        "User-Agent": [
          "azsdk-net-Data.AppConfiguration/1.0.0-dev.20200122.1\u002B40a83baae05bb095b98bd319e539772420c57da9",
          "(.NET Core 4.6.28207.04; Microsoft Windows 10.0.18362 )"
        ],
        "x-ms-client-request-id": "0d925615dc6522a2a3f9fbd35c5ff991",
        "x-ms-content-sha256": "47DEQpj8HBSa\u002B/TImW\u002B5JCeuQeRkm5NMpJWZG3hSuFU=",
        "x-ms-return-client-request-id": "true"
      },
      "RequestBody": null,
      "StatusCode": 200,
      "ResponseHeaders": {
        "Access-Control-Allow-Credentials": "true",
        "Access-Control-Allow-Headers": "DNT, X-CustomHeader, Keep-Alive, User-Agent, X-Requested-With, If-Modified-Since, Cache-Control, Content-Type, Authorization, x-ms-client-request-id, x-ms-useragent, x-ms-content-sha256, x-ms-date, host, Accept, Accept-Datetime, Date, If-Match, If-None-Match, Sync-Token, x-ms-return-client-request-id, ETag, Last-Modified, Link, Memento-Datetime, x-ms-retry-after, x-ms-request-id, WWW-Authenticate",
        "Access-Control-Allow-Methods": "GET, PUT, POST, DELETE, PATCH, OPTIONS",
        "Access-Control-Allow-Origin": "*",
        "Access-Control-Expose-Headers": "DNT, X-CustomHeader, Keep-Alive, User-Agent, X-Requested-With, If-Modified-Since, Cache-Control, Content-Type, Authorization, x-ms-client-request-id, x-ms-useragent, x-ms-content-sha256, x-ms-date, host, Accept, Accept-Datetime, Date, If-Match, If-None-Match, Sync-Token, x-ms-return-client-request-id, ETag, Last-Modified, Link, Memento-Datetime, x-ms-retry-after, x-ms-request-id, WWW-Authenticate",
        "Connection": "keep-alive",
        "Content-Type": "application/vnd.microsoft.appconfig.kv\u002Bjson; charset=utf-8",
        "Date": "Wed, 22 Jan 2020 22:45:38 GMT",
        "ETag": "\u0022owW60Sb9990w6dCknNv91SJIUzv\u0022",
        "Last-Modified": "Wed, 22 Jan 2020 22:45:39 GMT",
        "Server": "openresty/1.15.8.1",
        "Strict-Transport-Security": "max-age=15724800; includeSubDomains",
        "Sync-Token": "zAJw6V16=ODotMSMxMTQwODUz;sn=1140853",
        "Transfer-Encoding": "chunked",
        "x-ms-client-request-id": "0d925615dc6522a2a3f9fbd35c5ff991",
        "x-ms-correlation-request-id": "a2408c3a-e350-40bd-9e86-4557f3196160",
        "x-ms-request-id": "a2408c3a-e350-40bd-9e86-4557f3196160"
      },
      "ResponseBody": {
        "etag": "owW60Sb9990w6dCknNv91SJIUzv",
        "key": "key-1919952775",
        "label": "test_label",
        "content_type": "test_content_type",
        "value": "test_value",
        "tags": {
          "tag1": "value1",
          "tag2": "value2"
        },
        "locked": false,
        "last_modified": "2020-01-22T22:45:39\u002B00:00"
      }
    },
    {
      "RequestUri": "https://pakrym-azconfig-ui.azconfig.io/kv/key-1919952775?label=test_label\u0026api-version=1.0",
      "RequestMethod": "DELETE",
      "RequestHeaders": {
        "Authorization": "Sanitized",
        "Date": "Wed, 22 Jan 2020 22:45:39 GMT",
        "Sync-Token": "zAJw6V16=ODotMSMxMTQwODUz",
        "traceparent": "00-9c55b1de575aca41a177e3baa538940d-1f94d4b16d60294b-00",
        "User-Agent": [
          "azsdk-net-Data.AppConfiguration/1.0.0-dev.20200122.1\u002B40a83baae05bb095b98bd319e539772420c57da9",
          "(.NET Core 4.6.28207.04; Microsoft Windows 10.0.18362 )"
        ],
        "x-ms-client-request-id": "5ce87812dbc64b2b478bf4b474306987",
        "x-ms-content-sha256": "47DEQpj8HBSa\u002B/TImW\u002B5JCeuQeRkm5NMpJWZG3hSuFU=",
        "x-ms-return-client-request-id": "true"
      },
      "RequestBody": null,
      "StatusCode": 503,
      "ResponseHeaders": {},
      "ResponseBody": null
    },
    {
      "RequestUri": "https://pakrym-azconfig-ui.azconfig.io/kv/key-1919952775?label=test_label\u0026api-version=1.0",
      "RequestMethod": "DELETE",
      "RequestHeaders": {
        "Authorization": "Sanitized",
        "Date": "Wed, 22 Jan 2020 22:45:40 GMT",
        "Sync-Token": "zAJw6V16=ODotMSMxMTQwODUz",
        "traceparent": "00-9c55b1de575aca41a177e3baa538940d-1f94d4b16d60294b-00",
        "User-Agent": [
          "azsdk-net-Data.AppConfiguration/1.0.0-dev.20200122.1\u002B40a83baae05bb095b98bd319e539772420c57da9",
          "(.NET Core 4.6.28207.04; Microsoft Windows 10.0.18362 )"
        ],
        "x-ms-client-request-id": "5ce87812dbc64b2b478bf4b474306987",
        "x-ms-content-sha256": "47DEQpj8HBSa\u002B/TImW\u002B5JCeuQeRkm5NMpJWZG3hSuFU=",
        "x-ms-return-client-request-id": "true"
      },
      "RequestBody": null,
      "StatusCode": 200,
      "ResponseHeaders": {
        "Access-Control-Allow-Credentials": "true",
        "Access-Control-Allow-Headers": "DNT, X-CustomHeader, Keep-Alive, User-Agent, X-Requested-With, If-Modified-Since, Cache-Control, Content-Type, Authorization, x-ms-client-request-id, x-ms-useragent, x-ms-content-sha256, x-ms-date, host, Accept, Accept-Datetime, Date, If-Match, If-None-Match, Sync-Token, x-ms-return-client-request-id, ETag, Last-Modified, Link, Memento-Datetime, x-ms-retry-after, x-ms-request-id, WWW-Authenticate",
        "Access-Control-Allow-Methods": "GET, PUT, POST, DELETE, PATCH, OPTIONS",
        "Access-Control-Allow-Origin": "*",
        "Access-Control-Expose-Headers": "DNT, X-CustomHeader, Keep-Alive, User-Agent, X-Requested-With, If-Modified-Since, Cache-Control, Content-Type, Authorization, x-ms-client-request-id, x-ms-useragent, x-ms-content-sha256, x-ms-date, host, Accept, Accept-Datetime, Date, If-Match, If-None-Match, Sync-Token, x-ms-return-client-request-id, ETag, Last-Modified, Link, Memento-Datetime, x-ms-retry-after, x-ms-request-id, WWW-Authenticate",
        "Connection": "keep-alive",
        "Content-Type": "application/vnd.microsoft.appconfig.kv\u002Bjson; charset=utf-8",
        "Date": "Wed, 22 Jan 2020 22:45:39 GMT",
        "ETag": "\u0022owW60Sb9990w6dCknNv91SJIUzv\u0022",
        "Last-Modified": "Wed, 22 Jan 2020 22:45:39 GMT",
        "Server": "openresty/1.15.8.1",
        "Strict-Transport-Security": "max-age=15724800; includeSubDomains",
        "Sync-Token": "zAJw6V16=ODotMSMxMTQwODU0;sn=1140854",
        "Transfer-Encoding": "chunked",
        "x-ms-client-request-id": "5ce87812dbc64b2b478bf4b474306987",
        "x-ms-correlation-request-id": "bb06faec-9319-43fd-8b64-7ddbf39bea20",
        "x-ms-request-id": "bb06faec-9319-43fd-8b64-7ddbf39bea20"
      },
      "ResponseBody": {
        "etag": "owW60Sb9990w6dCknNv91SJIUzv",
        "key": "key-1919952775",
        "label": "test_label",
        "content_type": "test_content_type",
        "value": "test_value",
        "tags": {
          "tag1": "value1",
          "tag2": "value2"
        },
        "locked": false,
        "last_modified": "2020-01-22T22:45:39\u002B00:00"
      }
    }
  ],
  "Variables": {
    "APPCONFIGURATION_CONNECTION_STRING": "Endpoint=https://pakrym-azconfig-ui.azconfig.io;Id=0-l1-s0:h5pHKElA5IjSL3z\u002BFOYz;Secret=",
    "RandomSeed": "1839885021"
  }
}