{
  "Entries": [
    {
      "RequestUri": "https://pakrym-azconfig-ui.azconfig.io/kv/~%60%21%40%23%24%5E%26%28%29_%2B%3D%5B%5D%7B%7D%7C%3B%22%27%3C%3E.%2F--498393529?label=label-~%60%21%40%23%24%5E%26%28%29_%2B%3D%5B%5D%7B%7D%7C%3B%22%27%3C%3E.%2F-\u0026api-version=1.0",
      "RequestMethod": "PUT",
      "RequestHeaders": {
        "Accept": "application/vnd.microsoft.appconfig.kv\u002Bjson",
        "Authorization": "Sanitized",
        "Content-Length": "109",
        "Content-Type": "application/json",
        "Date": "Wed, 22 Jan 2020 22:47:17 GMT",
        "traceparent": "00-87b65acf6cc08c41b935e1f1c8e70341-275a69e22667704d-00",
        "User-Agent": [
          "azsdk-net-Data.AppConfiguration/1.0.0-dev.20200122.1\u002B40a83baae05bb095b98bd319e539772420c57da9",
          "(.NET Core 4.6.28207.04; Microsoft Windows 10.0.18362 )"
        ],
        "x-ms-client-request-id": "3c87b0235db4def8b426ebd6477410c9",
        "x-ms-content-sha256": "IYqatbqQIAqCRjWZPzXr7bolkCXMwIR9XGVBbyQCXwI=",
        "x-ms-return-client-request-id": "true"
      },
      "RequestBody": {
        "value": "value-~\u0060!@#$^\u0026()_\u002B=[]{}|;\u0022\u0027\u003C\u003E./-",
        "content_type": null,
        "tags": {}
      },
      "StatusCode": 503,
      "ResponseHeaders": {},
      "ResponseBody": null
    },
    {
      "RequestUri": "https://pakrym-azconfig-ui.azconfig.io/kv/~%60%21%40%23%24%5E%26%28%29_%2B%3D%5B%5D%7B%7D%7C%3B%22%27%3C%3E.%2F--498393529?label=label-~%60%21%40%23%24%5E%26%28%29_%2B%3D%5B%5D%7B%7D%7C%3B%22%27%3C%3E.%2F-\u0026api-version=1.0",
      "RequestMethod": "PUT",
      "RequestHeaders": {
        "Accept": "application/vnd.microsoft.appconfig.kv\u002Bjson",
        "Authorization": "Sanitized",
        "Content-Length": "109",
        "Content-Type": "application/json",
        "Date": "Wed, 22 Jan 2020 22:47:18 GMT",
        "traceparent": "00-87b65acf6cc08c41b935e1f1c8e70341-275a69e22667704d-00",
        "User-Agent": [
          "azsdk-net-Data.AppConfiguration/1.0.0-dev.20200122.1\u002B40a83baae05bb095b98bd319e539772420c57da9",
          "(.NET Core 4.6.28207.04; Microsoft Windows 10.0.18362 )"
        ],
        "x-ms-client-request-id": "3c87b0235db4def8b426ebd6477410c9",
        "x-ms-content-sha256": "IYqatbqQIAqCRjWZPzXr7bolkCXMwIR9XGVBbyQCXwI=",
        "x-ms-return-client-request-id": "true"
      },
      "RequestBody": {
        "value": "value-~\u0060!@#$^\u0026()_\u002B=[]{}|;\u0022\u0027\u003C\u003E./-",
        "content_type": null,
        "tags": {}
      },
      "StatusCode": 200,
      "ResponseHeaders": {
        "Access-Control-Allow-Credentials": "true",
        "Access-Control-Allow-Headers": "DNT, X-CustomHeader, Keep-Alive, User-Agent, X-Requested-With, If-Modified-Since, Cache-Control, Content-Type, Authorization, x-ms-client-request-id, x-ms-useragent, x-ms-content-sha256, x-ms-date, host, Accept, Accept-Datetime, Date, If-Match, If-None-Match, Sync-Token, x-ms-return-client-request-id, ETag, Last-Modified, Link, Memento-Datetime, x-ms-retry-after, x-ms-request-id, WWW-Authenticate",
        "Access-Control-Allow-Methods": "GET, PUT, POST, DELETE, PATCH, OPTIONS",
        "Access-Control-Allow-Origin": "*",
        "Access-Control-Expose-Headers": "DNT, X-CustomHeader, Keep-Alive, User-Agent, X-Requested-With, If-Modified-Since, Cache-Control, Content-Type, Authorization, x-ms-client-request-id, x-ms-useragent, x-ms-content-sha256, x-ms-date, host, Accept, Accept-Datetime, Date, If-Match, If-None-Match, Sync-Token, x-ms-return-client-request-id, ETag, Last-Modified, Link, Memento-Datetime, x-ms-retry-after, x-ms-request-id, WWW-Authenticate",
        "Connection": "keep-alive",
        "Content-Type": "application/vnd.microsoft.appconfig.kv\u002Bjson; charset=utf-8",
        "Date": "Wed, 22 Jan 2020 22:47:17 GMT",
        "ETag": "\u00228DFcXmCMwTX9iCDuz7rL2dAW8Do\u0022",
        "Last-Modified": "Wed, 22 Jan 2020 22:47:17 GMT",
        "Server": "openresty/1.15.8.1",
        "Strict-Transport-Security": "max-age=15724800; includeSubDomains",
        "Sync-Token": "zAJw6V16=ODotMSMxMTQwOTE1;sn=1140915",
        "Transfer-Encoding": "chunked",
        "x-ms-client-request-id": "3c87b0235db4def8b426ebd6477410c9",
        "x-ms-correlation-request-id": "ba51b5a9-8fff-4528-9520-a31a4adefc49",
        "x-ms-request-id": "ba51b5a9-8fff-4528-9520-a31a4adefc49"
      },
      "ResponseBody": {
        "etag": "8DFcXmCMwTX9iCDuz7rL2dAW8Do",
        "key": "~\u0060!@#$^\u0026()_\u002B=[]{}|;\u0022\u0027\u003C\u003E./--498393529",
        "label": "label-~\u0060!@#$^\u0026()_\u002B=[]{}|;\u0022\u0027\u003C\u003E./-",
        "content_type": null,
        "value": "value-~\u0060!@#$^\u0026()_\u002B=[]{}|;\u0022\u0027\u003C\u003E./-",
        "tags": {},
        "locked": false,
        "last_modified": "2020-01-22T22:47:17\u002B00:00"
      }
    },
    {
      "RequestUri": "https://pakrym-azconfig-ui.azconfig.io/kv/~%60%21%40%23%24%5E%26%28%29_%2B%3D%5B%5D%7B%7D%7C%3B%22%27%3C%3E.%2F--498393529?label=label-~%60%21%40%23%24%5E%26%28%29_%2B%3D%5B%5D%7B%7D%7C%3B%22%27%3C%3E.%2F-\u0026api-version=1.0",
      "RequestMethod": "GET",
      "RequestHeaders": {
        "Accept": "application/vnd.microsoft.appconfig.kv\u002Bjson",
        "Authorization": "Sanitized",
        "Content-Type": "application/json",
        "Date": "Wed, 22 Jan 2020 22:47:18 GMT",
        "Sync-Token": "zAJw6V16=ODotMSMxMTQwOTE1",
        "traceparent": "00-0e0290cca531154385e997898f13d5c4-ad105e2767c0d041-00",
        "User-Agent": [
          "azsdk-net-Data.AppConfiguration/1.0.0-dev.20200122.1\u002B40a83baae05bb095b98bd319e539772420c57da9",
          "(.NET Core 4.6.28207.04; Microsoft Windows 10.0.18362 )"
        ],
        "x-ms-client-request-id": "c5583de9ab129f3004e16323a6b5c2db",
        "x-ms-content-sha256": "47DEQpj8HBSa\u002B/TImW\u002B5JCeuQeRkm5NMpJWZG3hSuFU=",
        "x-ms-return-client-request-id": "true"
      },
      "RequestBody": null,
      "StatusCode": 503,
      "ResponseHeaders": {},
      "ResponseBody": null
    },
    {
      "RequestUri": "https://pakrym-azconfig-ui.azconfig.io/kv/~%60%21%40%23%24%5E%26%28%29_%2B%3D%5B%5D%7B%7D%7C%3B%22%27%3C%3E.%2F--498393529?label=label-~%60%21%40%23%24%5E%26%28%29_%2B%3D%5B%5D%7B%7D%7C%3B%22%27%3C%3E.%2F-\u0026api-version=1.0",
      "RequestMethod": "GET",
      "RequestHeaders": {
        "Accept": "application/vnd.microsoft.appconfig.kv\u002Bjson",
        "Authorization": "Sanitized",
        "Content-Type": "application/json",
        "Date": "Wed, 22 Jan 2020 22:47:19 GMT",
        "Sync-Token": "zAJw6V16=ODotMSMxMTQwOTE1",
        "traceparent": "00-0e0290cca531154385e997898f13d5c4-ad105e2767c0d041-00",
        "User-Agent": [
          "azsdk-net-Data.AppConfiguration/1.0.0-dev.20200122.1\u002B40a83baae05bb095b98bd319e539772420c57da9",
          "(.NET Core 4.6.28207.04; Microsoft Windows 10.0.18362 )"
        ],
        "x-ms-client-request-id": "c5583de9ab129f3004e16323a6b5c2db",
        "x-ms-content-sha256": "47DEQpj8HBSa\u002B/TImW\u002B5JCeuQeRkm5NMpJWZG3hSuFU=",
        "x-ms-return-client-request-id": "true"
      },
      "RequestBody": null,
      "StatusCode": 200,
      "ResponseHeaders": {
        "Access-Control-Allow-Credentials": "true",
        "Access-Control-Allow-Headers": "DNT, X-CustomHeader, Keep-Alive, User-Agent, X-Requested-With, If-Modified-Since, Cache-Control, Content-Type, Authorization, x-ms-client-request-id, x-ms-useragent, x-ms-content-sha256, x-ms-date, host, Accept, Accept-Datetime, Date, If-Match, If-None-Match, Sync-Token, x-ms-return-client-request-id, ETag, Last-Modified, Link, Memento-Datetime, x-ms-retry-after, x-ms-request-id, WWW-Authenticate",
        "Access-Control-Allow-Methods": "GET, PUT, POST, DELETE, PATCH, OPTIONS",
        "Access-Control-Allow-Origin": "*",
        "Access-Control-Expose-Headers": "DNT, X-CustomHeader, Keep-Alive, User-Agent, X-Requested-With, If-Modified-Since, Cache-Control, Content-Type, Authorization, x-ms-client-request-id, x-ms-useragent, x-ms-content-sha256, x-ms-date, host, Accept, Accept-Datetime, Date, If-Match, If-None-Match, Sync-Token, x-ms-return-client-request-id, ETag, Last-Modified, Link, Memento-Datetime, x-ms-retry-after, x-ms-request-id, WWW-Authenticate",
        "Connection": "keep-alive",
        "Content-Type": "application/vnd.microsoft.appconfig.kv\u002Bjson; charset=utf-8",
        "Date": "Wed, 22 Jan 2020 22:47:18 GMT",
        "ETag": "\u00228DFcXmCMwTX9iCDuz7rL2dAW8Do\u0022",
        "Last-Modified": "Wed, 22 Jan 2020 22:47:17 GMT",
        "Server": "openresty/1.15.8.1",
        "Strict-Transport-Security": "max-age=15724800; includeSubDomains",
        "Sync-Token": "zAJw6V16=ODotMSMxMTQwOTE1;sn=1140915",
        "Transfer-Encoding": "chunked",
        "x-ms-client-request-id": "c5583de9ab129f3004e16323a6b5c2db",
        "x-ms-correlation-request-id": "b3400432-80e7-4ca8-9e61-6a6d5031ee69",
        "x-ms-request-id": "b3400432-80e7-4ca8-9e61-6a6d5031ee69"
      },
      "ResponseBody": {
        "etag": "8DFcXmCMwTX9iCDuz7rL2dAW8Do",
        "key": "~\u0060!@#$^\u0026()_\u002B=[]{}|;\u0022\u0027\u003C\u003E./--498393529",
        "label": "label-~\u0060!@#$^\u0026()_\u002B=[]{}|;\u0022\u0027\u003C\u003E./-",
        "content_type": null,
        "value": "value-~\u0060!@#$^\u0026()_\u002B=[]{}|;\u0022\u0027\u003C\u003E./-",
        "tags": {},
        "locked": false,
        "last_modified": "2020-01-22T22:47:17\u002B00:00"
      }
    },
    {
      "RequestUri": "https://pakrym-azconfig-ui.azconfig.io/kv/~%60%21%40%23%24%5E%26%28%29_%2B%3D%5B%5D%7B%7D%7C%3B%22%27%3C%3E.%2F--498393529?api-version=1.0",
      "RequestMethod": "DELETE",
      "RequestHeaders": {
        "Authorization": "Sanitized",
        "Date": "Wed, 22 Jan 2020 22:47:19 GMT",
        "Sync-Token": "zAJw6V16=ODotMSMxMTQwOTE1",
        "traceparent": "00-6c14b7f76920ce4f9cb506548172ca03-cef1f4f1c8c52b44-00",
        "User-Agent": [
          "azsdk-net-Data.AppConfiguration/1.0.0-dev.20200122.1\u002B40a83baae05bb095b98bd319e539772420c57da9",
          "(.NET Core 4.6.28207.04; Microsoft Windows 10.0.18362 )"
        ],
        "x-ms-client-request-id": "3588acb84df80203f21a4e88094fdb0f",
        "x-ms-content-sha256": "47DEQpj8HBSa\u002B/TImW\u002B5JCeuQeRkm5NMpJWZG3hSuFU=",
        "x-ms-return-client-request-id": "true"
      },
      "RequestBody": null,
      "StatusCode": 503,
      "ResponseHeaders": {},
      "ResponseBody": null
    },
    {
      "RequestUri": "https://pakrym-azconfig-ui.azconfig.io/kv/~%60%21%40%23%24%5E%26%28%29_%2B%3D%5B%5D%7B%7D%7C%3B%22%27%3C%3E.%2F--498393529?api-version=1.0",
      "RequestMethod": "DELETE",
      "RequestHeaders": {
        "Authorization": "Sanitized",
        "Date": "Wed, 22 Jan 2020 22:47:20 GMT",
        "Sync-Token": "zAJw6V16=ODotMSMxMTQwOTE1",
        "traceparent": "00-6c14b7f76920ce4f9cb506548172ca03-cef1f4f1c8c52b44-00",
        "User-Agent": [
          "azsdk-net-Data.AppConfiguration/1.0.0-dev.20200122.1\u002B40a83baae05bb095b98bd319e539772420c57da9",
          "(.NET Core 4.6.28207.04; Microsoft Windows 10.0.18362 )"
        ],
        "x-ms-client-request-id": "3588acb84df80203f21a4e88094fdb0f",
        "x-ms-content-sha256": "47DEQpj8HBSa\u002B/TImW\u002B5JCeuQeRkm5NMpJWZG3hSuFU=",
        "x-ms-return-client-request-id": "true"
      },
      "RequestBody": null,
      "StatusCode": 204,
      "ResponseHeaders": {
        "Access-Control-Allow-Credentials": "true",
        "Access-Control-Allow-Headers": "DNT, X-CustomHeader, Keep-Alive, User-Agent, X-Requested-With, If-Modified-Since, Cache-Control, Content-Type, Authorization, x-ms-client-request-id, x-ms-useragent, x-ms-content-sha256, x-ms-date, host, Accept, Accept-Datetime, Date, If-Match, If-None-Match, Sync-Token, x-ms-return-client-request-id, ETag, Last-Modified, Link, Memento-Datetime, x-ms-retry-after, x-ms-request-id, WWW-Authenticate",
        "Access-Control-Allow-Methods": "GET, PUT, POST, DELETE, PATCH, OPTIONS",
        "Access-Control-Allow-Origin": "*",
        "Access-Control-Expose-Headers": "DNT, X-CustomHeader, Keep-Alive, User-Agent, X-Requested-With, If-Modified-Since, Cache-Control, Content-Type, Authorization, x-ms-client-request-id, x-ms-useragent, x-ms-content-sha256, x-ms-date, host, Accept, Accept-Datetime, Date, If-Match, If-None-Match, Sync-Token, x-ms-return-client-request-id, ETag, Last-Modified, Link, Memento-Datetime, x-ms-retry-after, x-ms-request-id, WWW-Authenticate",
        "Connection": "keep-alive",
        "Content-Type": "application/vnd.microsoft.appconfig.kv\u002Bjson; charset=utf-8",
        "Date": "Wed, 22 Jan 2020 22:47:19 GMT",
        "Server": "openresty/1.15.8.1",
        "Strict-Transport-Security": "max-age=15724800; includeSubDomains",
        "x-ms-client-request-id": "3588acb84df80203f21a4e88094fdb0f",
        "x-ms-correlation-request-id": "32b1f3c4-08bc-4b2f-b203-8023713d490f",
        "x-ms-request-id": "32b1f3c4-08bc-4b2f-b203-8023713d490f"
      },
      "ResponseBody": []
    }
  ],
  "Variables": {
    "APPCONFIGURATION_CONNECTION_STRING": "Endpoint=https://pakrym-azconfig-ui.azconfig.io;Id=0-l1-s0:h5pHKElA5IjSL3z\u002BFOYz;Secret=",
    "RandomSeed": "845910668"
  }
}