{
  "Entries": [
    {
      "RequestUri": "https://pakrym-azconfig-ui.azconfig.io/kv/key-2086587479?api-version=1.0",
      "RequestMethod": "PUT",
      "RequestHeaders": {
        "Accept": "application/vnd.microsoft.appconfig.kv\u002Bjson",
        "Authorization": "Sanitized",
        "Content-Length": "50",
        "Content-Type": "application/json",
        "Date": "Wed, 22 Jan 2020 22:44:50 GMT",
        "traceparent": "00-f79072f3f53616428cbe92f39385cd56-7a845a9d942d6147-00",
        "User-Agent": [
          "azsdk-net-Data.AppConfiguration/1.0.0-dev.20200122.1\u002B40a83baae05bb095b98bd319e539772420c57da9",
          "(.NET Core 4.6.28207.04; Microsoft Windows 10.0.18362 )"
        ],
        "x-ms-client-request-id": "9124534475ff75db6f618d168e449c88",
        "x-ms-content-sha256": "aDaoGrnXeLk4BtC\u002BbcUBHjAOl1G533H6XGiHrRY9PKA=",
        "x-ms-return-client-request-id": "true"
      },
      "RequestBody": {
        "value": "my_value",
        "content_type": null,
        "tags": {}
      },
      "StatusCode": 503,
      "ResponseHeaders": {},
      "ResponseBody": null
    },
    {
      "RequestUri": "https://pakrym-azconfig-ui.azconfig.io/kv/key-2086587479?api-version=1.0",
      "RequestMethod": "PUT",
      "RequestHeaders": {
        "Accept": "application/vnd.microsoft.appconfig.kv\u002Bjson",
        "Authorization": "Sanitized",
        "Content-Length": "50",
        "Content-Type": "application/json",
        "Date": "Wed, 22 Jan 2020 22:44:50 GMT",
        "traceparent": "00-f79072f3f53616428cbe92f39385cd56-7a845a9d942d6147-00",
        "User-Agent": [
          "azsdk-net-Data.AppConfiguration/1.0.0-dev.20200122.1\u002B40a83baae05bb095b98bd319e539772420c57da9",
          "(.NET Core 4.6.28207.04; Microsoft Windows 10.0.18362 )"
        ],
        "x-ms-client-request-id": "9124534475ff75db6f618d168e449c88",
        "x-ms-content-sha256": "aDaoGrnXeLk4BtC\u002BbcUBHjAOl1G533H6XGiHrRY9PKA=",
        "x-ms-return-client-request-id": "true"
      },
      "RequestBody": {
        "value": "my_value",
        "content_type": null,
        "tags": {}
      },
      "StatusCode": 200,
      "ResponseHeaders": {
        "Access-Control-Allow-Credentials": "true",
        "Access-Control-Allow-Headers": "DNT, X-CustomHeader, Keep-Alive, User-Agent, X-Requested-With, If-Modified-Since, Cache-Control, Content-Type, Authorization, x-ms-client-request-id, x-ms-useragent, x-ms-content-sha256, x-ms-date, host, Accept, Accept-Datetime, Date, If-Match, If-None-Match, Sync-Token, x-ms-return-client-request-id, ETag, Last-Modified, Link, Memento-Datetime, x-ms-retry-after, x-ms-request-id, WWW-Authenticate",
        "Access-Control-Allow-Methods": "GET, PUT, POST, DELETE, PATCH, OPTIONS",
        "Access-Control-Allow-Origin": "*",
        "Access-Control-Expose-Headers": "DNT, X-CustomHeader, Keep-Alive, User-Agent, X-Requested-With, If-Modified-Since, Cache-Control, Content-Type, Authorization, x-ms-client-request-id, x-ms-useragent, x-ms-content-sha256, x-ms-date, host, Accept, Accept-Datetime, Date, If-Match, If-None-Match, Sync-Token, x-ms-return-client-request-id, ETag, Last-Modified, Link, Memento-Datetime, x-ms-retry-after, x-ms-request-id, WWW-Authenticate",
        "Connection": "keep-alive",
        "Content-Type": "application/vnd.microsoft.appconfig.kv\u002Bjson; charset=utf-8",
        "Date": "Wed, 22 Jan 2020 22:44:50 GMT",
        "ETag": "\u0022iM2DyhJDdv8lHzE9VUxaRcRhEws\u0022",
        "Last-Modified": "Wed, 22 Jan 2020 22:44:50 GMT",
        "Server": "openresty/1.15.8.1",
        "Strict-Transport-Security": "max-age=15724800; includeSubDomains",
        "Sync-Token": "zAJw6V16=ODotMSMxMTQwODE0;sn=1140814",
        "Transfer-Encoding": "chunked",
        "x-ms-client-request-id": "9124534475ff75db6f618d168e449c88",
        "x-ms-correlation-request-id": "90df6b7f-beca-411b-9ed7-f3769f1e1e48",
        "x-ms-request-id": "90df6b7f-beca-411b-9ed7-f3769f1e1e48"
      },
      "ResponseBody": {
        "etag": "iM2DyhJDdv8lHzE9VUxaRcRhEws",
        "key": "key-2086587479",
        "label": null,
        "content_type": null,
        "value": "my_value",
        "tags": {},
        "locked": false,
        "last_modified": "2020-01-22T22:44:50\u002B00:00"
      }
    },
    {
      "RequestUri": "https://pakrym-azconfig-ui.azconfig.io/kv/key-2086587479?api-version=1.0",
      "RequestMethod": "DELETE",
      "RequestHeaders": {
        "Authorization": "Sanitized",
        "Date": "Wed, 22 Jan 2020 22:44:50 GMT",
        "Sync-Token": "zAJw6V16=ODotMSMxMTQwODE0",
        "traceparent": "00-10fa26f2ea29b4499206f65b777580f1-81c0e933b8576f4b-00",
        "User-Agent": [
          "azsdk-net-Data.AppConfiguration/1.0.0-dev.20200122.1\u002B40a83baae05bb095b98bd319e539772420c57da9",
          "(.NET Core 4.6.28207.04; Microsoft Windows 10.0.18362 )"
        ],
        "x-ms-client-request-id": "58bd40fc9fa1d34b89555a12332b90ea",
        "x-ms-content-sha256": "47DEQpj8HBSa\u002B/TImW\u002B5JCeuQeRkm5NMpJWZG3hSuFU=",
        "x-ms-return-client-request-id": "true"
      },
      "RequestBody": null,
      "StatusCode": 503,
      "ResponseHeaders": {},
      "ResponseBody": null
    },
    {
      "RequestUri": "https://pakrym-azconfig-ui.azconfig.io/kv/key-2086587479?api-version=1.0",
      "RequestMethod": "DELETE",
      "RequestHeaders": {
        "Authorization": "Sanitized",
        "Date": "Wed, 22 Jan 2020 22:44:51 GMT",
        "Sync-Token": "zAJw6V16=ODotMSMxMTQwODE0",
        "traceparent": "00-10fa26f2ea29b4499206f65b777580f1-81c0e933b8576f4b-00",
        "User-Agent": [
          "azsdk-net-Data.AppConfiguration/1.0.0-dev.20200122.1\u002B40a83baae05bb095b98bd319e539772420c57da9",
          "(.NET Core 4.6.28207.04; Microsoft Windows 10.0.18362 )"
        ],
        "x-ms-client-request-id": "58bd40fc9fa1d34b89555a12332b90ea",
        "x-ms-content-sha256": "47DEQpj8HBSa\u002B/TImW\u002B5JCeuQeRkm5NMpJWZG3hSuFU=",
        "x-ms-return-client-request-id": "true"
      },
      "RequestBody": null,
      "StatusCode": 200,
      "ResponseHeaders": {
        "Access-Control-Allow-Credentials": "true",
        "Access-Control-Allow-Headers": "DNT, X-CustomHeader, Keep-Alive, User-Agent, X-Requested-With, If-Modified-Since, Cache-Control, Content-Type, Authorization, x-ms-client-request-id, x-ms-useragent, x-ms-content-sha256, x-ms-date, host, Accept, Accept-Datetime, Date, If-Match, If-None-Match, Sync-Token, x-ms-return-client-request-id, ETag, Last-Modified, Link, Memento-Datetime, x-ms-retry-after, x-ms-request-id, WWW-Authenticate",
        "Access-Control-Allow-Methods": "GET, PUT, POST, DELETE, PATCH, OPTIONS",
        "Access-Control-Allow-Origin": "*",
        "Access-Control-Expose-Headers": "DNT, X-CustomHeader, Keep-Alive, User-Agent, X-Requested-With, If-Modified-Since, Cache-Control, Content-Type, Authorization, x-ms-client-request-id, x-ms-useragent, x-ms-content-sha256, x-ms-date, host, Accept, Accept-Datetime, Date, If-Match, If-None-Match, Sync-Token, x-ms-return-client-request-id, ETag, Last-Modified, Link, Memento-Datetime, x-ms-retry-after, x-ms-request-id, WWW-Authenticate",
        "Connection": "keep-alive",
        "Content-Type": "application/vnd.microsoft.appconfig.kv\u002Bjson; charset=utf-8",
        "Date": "Wed, 22 Jan 2020 22:44:51 GMT",
        "ETag": "\u0022iM2DyhJDdv8lHzE9VUxaRcRhEws\u0022",
        "Last-Modified": "Wed, 22 Jan 2020 22:44:50 GMT",
        "Server": "openresty/1.15.8.1",
        "Strict-Transport-Security": "max-age=15724800; includeSubDomains",
        "Sync-Token": "zAJw6V16=ODotMSMxMTQwODE1;sn=1140815",
        "Transfer-Encoding": "chunked",
        "x-ms-client-request-id": "58bd40fc9fa1d34b89555a12332b90ea",
        "x-ms-correlation-request-id": "a8be0661-06fa-4ce4-9288-3ea15b5839cf",
        "x-ms-request-id": "a8be0661-06fa-4ce4-9288-3ea15b5839cf"
      },
      "ResponseBody": {
        "etag": "iM2DyhJDdv8lHzE9VUxaRcRhEws",
        "key": "key-2086587479",
        "label": null,
        "content_type": null,
        "value": "my_value",
        "tags": {},
        "locked": false,
        "last_modified": "2020-01-22T22:44:50\u002B00:00"
      }
    }
  ],
  "Variables": {
    "APPCONFIGURATION_CONNECTION_STRING": "Endpoint=https://pakrym-azconfig-ui.azconfig.io;Id=0-l1-s0:h5pHKElA5IjSL3z\u002BFOYz;Secret=",
    "RandomSeed": "505449451"
  }
}